{"ts": "2026-05-13T12:01:27.839878Z", "level": "INFO", "msg": "Training started", "data": {"use_case": "failure_prediction"}}
{"ts": "2026-05-13T12:01:27.918857Z", "level": "INFO", "msg": "Dataset loaded", "data": {"train_rows": 160, "test_rows": 40, "cols": 13}}
{"ts": "2026-05-13T12:01:27.918857Z", "level": "INFO", "msg": "Feature selection started", "data": {"mandatory_features": 8, "optional_groups": 4, "suffixes": ["custom_feature_1", "custom_feature_2", "dist_to_max", "my_special_metric"], "cv_folds": 5, "metric": "auc"}}
{"ts": "2026-05-13T12:01:27.919859Z", "level": "INFO", "msg": "Exhaustive search: 16 combinations", "data": {}}
{"ts": "2026-05-13T12:01:28.114230Z", "level": "INFO", "msg": "FeatureSelection combo 1/16 fold 1/5", "data": {"combo": ["mandatory_only"], "n_features": 9, "auc": 0.388235, "f1": 0.190476, "precision": 0.333333, "recall": 0.133333}}
{"ts": "2026-05-13T12:01:28.190472Z", "level": "INFO", "msg": "FeatureSelection combo 1/16 fold 2/5", "data": {"combo": ["mandatory_only"], "n_features": 9, "auc": 0.488281, "f1": 0.444444, "precision": 0.545455, "recall": 0.375}}
{"ts": "2026-05-13T12:01:28.272281Z", "level": "INFO", "msg": "FeatureSelection combo 1/16 fold 3/5", "data": {"combo": ["mandatory_only"], "n_features": 9, "auc": 0.21875, "f1": 0.444444, "precision": 0.4, "recall": 0.5}}
{"ts": "2026-05-13T12:01:28.366287Z", "level": "INFO", "msg": "FeatureSelection combo 1/16 fold 4/5", "data": {"combo": ["mandatory_only"], "n_features": 9, "auc": 0.546875, "f1": 0.666667, "precision": 0.538462, "recall": 0.875}}
{"ts": "2026-05-13T12:01:28.533131Z", "level": "INFO", "msg": "FeatureSelection combo 1/16 fold 5/5", "data": {"combo": ["mandatory_only"], "n_features": 9, "auc": 0.625, "f1": 0.606061, "precision": 0.588235, "recall": 0.625}}
{"ts": "2026-05-13T12:01:28.535145Z", "level": "INFO", "msg": "FeatureSelection combo 1/16 summary", "data": {"combo": ["mandatory_only"], "n_features": 9, "mean_auc": 0.453428, "std_auc": 0.140505, "mean_f1": 0.470418, "std_f1": 0.165305, "mean_precision": 0.481097, "std_precision": 0.097285, "mean_recall": 0.501667, "std_recall": 0.24751}}
{"ts": "2026-05-13T12:01:28.632326Z", "level": "INFO", "msg": "FeatureSelection combo 2/16 fold 1/5", "data": {"combo": ["custom_feature_1"], "n_features": 10, "auc": 0.313725, "f1": 0.190476, "precision": 0.333333, "recall": 0.133333}}
{"ts": "2026-05-13T12:01:28.708575Z", "level": "INFO", "msg": "FeatureSelection combo 2/16 fold 2/5", "data": {"combo": ["custom_feature_1"], "n_features": 10, "auc": 0.476562, "f1": 0.444444, "precision": 0.545455, "recall": 0.375}}
{"ts": "2026-05-13T12:01:28.789261Z", "level": "INFO", "msg": "FeatureSelection combo 2/16 fold 3/5", "data": {"combo": ["custom_feature_1"], "n_features": 10, "auc": 0.226562, "f1": 0.342857, "precision": 0.315789, "recall": 0.375}}
{"ts": "2026-05-13T12:01:28.883487Z", "level": "INFO", "msg": "FeatureSelection combo 2/16 fold 4/5", "data": {"combo": ["custom_feature_1"], "n_features": 10, "auc": 0.546875, "f1": 0.619048, "precision": 0.5, "recall": 0.8125}}
{"ts": "2026-05-13T12:01:28.982721Z", "level": "INFO", "msg": "FeatureSelection combo 2/16 fold 5/5", "data": {"combo": ["custom_feature_1"], "n_features": 10, "auc": 0.628906, "f1": 0.666667, "precision": 0.6, "recall": 0.75}}
{"ts": "2026-05-13T12:01:28.983728Z", "level": "INFO", "msg": "FeatureSelection combo 2/16 summary", "data": {"combo": ["custom_feature_1"], "n_features": 10, "mean_auc": 0.438526, "std_auc": 0.14828, "mean_f1": 0.452698, "std_f1": 0.175698, "mean_precision": 0.458915, "std_precision": 0.114314, "mean_recall": 0.489167, "std_recall": 0.255055}}
{"ts": "2026-05-13T12:01:29.064956Z", "level": "INFO", "msg": "FeatureSelection combo 3/16 fold 1/5", "data": {"combo": ["custom_feature_2"], "n_features": 10, "auc": 0.470588, "f1": 0.363636, "precision": 0.571429, "recall": 0.266667}}
{"ts": "2026-05-13T12:01:29.165503Z", "level": "INFO", "msg": "FeatureSelection combo 3/16 fold 2/5", "data": {"combo": ["custom_feature_2"], "n_features": 10, "auc": 0.476562, "f1": 0.272727, "precision": 0.5, "recall": 0.1875}}
{"ts": "2026-05-13T12:01:29.257181Z", "level": "INFO", "msg": "FeatureSelection combo 3/16 fold 3/5", "data": {"combo": ["custom_feature_2"], "n_features": 10, "auc": 0.328125, "f1": 0.5, "precision": 0.45, "recall": 0.5625}}
{"ts": "2026-05-13T12:01:29.366034Z", "level": "INFO", "msg": "FeatureSelection combo 3/16 fold 4/5", "data": {"combo": ["custom_feature_2"], "n_features": 10, "auc": 0.523438, "f1": 0.714286, "precision": 0.576923, "recall": 0.9375}}
{"ts": "2026-05-13T12:01:29.490660Z", "level": "INFO", "msg": "FeatureSelection combo 3/16 fold 5/5", "data": {"combo": ["custom_feature_2"], "n_features": 10, "auc": 0.667969, "f1": 0.606061, "precision": 0.588235, "recall": 0.625}}
{"ts": "2026-05-13T12:01:29.491166Z", "level": "INFO", "msg": "FeatureSelection combo 3/16 summary", "data": {"combo": ["custom_feature_2"], "n_features": 10, "mean_auc": 0.493336, "std_auc": 0.109084, "mean_f1": 0.491342, "std_f1": 0.159399, "mean_precision": 0.537317, "std_precision": 0.053557, "mean_recall": 0.515833, "std_recall": 0.268992}}
{"ts": "2026-05-13T12:01:29.590559Z", "level": "INFO", "msg": "FeatureSelection combo 4/16 fold 1/5", "data": {"combo": ["dist_to_max"], "n_features": 10, "auc": 0.380392, "f1": 0.2, "precision": 0.4, "recall": 0.133333}}
{"ts": "2026-05-13T12:01:29.686679Z", "level": "INFO", "msg": "FeatureSelection combo 4/16 fold 2/5", "data": {"combo": ["dist_to_max"], "n_features": 10, "auc": 0.382812, "f1": 0.24, "precision": 0.333333, "recall": 0.1875}}
{"ts": "2026-05-13T12:01:29.773804Z", "level": "INFO", "msg": "FeatureSelection combo 4/16 fold 3/5", "data": {"combo": ["dist_to_max"], "n_features": 10, "auc": 0.324219, "f1": 0.473684, "precision": 0.409091, "recall": 0.5625}}
{"ts": "2026-05-13T12:01:29.872818Z", "level": "INFO", "msg": "FeatureSelection combo 4/16 fold 4/5", "data": {"combo": ["dist_to_max"], "n_features": 10, "auc": 0.558594, "f1": 0.697674, "precision": 0.555556, "recall": 0.9375}}
{"ts": "2026-05-13T12:01:29.975747Z", "level": "INFO", "msg": "FeatureSelection combo 4/16 fold 5/5", "data": {"combo": ["dist_to_max"], "n_features": 10, "auc": 0.71875, "f1": 0.631579, "precision": 0.545455, "recall": 0.75}}
{"ts": "2026-05-13T12:01:29.977752Z", "level": "INFO", "msg": "FeatureSelection combo 4/16 summary", "data": {"combo": ["dist_to_max"], "n_features": 10, "mean_auc": 0.472953, "std_auc": 0.14599, "mean_f1": 0.448587, "std_f1": 0.200731, "mean_precision": 0.448687, "std_precision": 0.087212, "mean_recall": 0.514167, "std_recall": 0.312701}}
{"ts": "2026-05-13T12:01:30.072832Z", "level": "INFO", "msg": "FeatureSelection combo 5/16 fold 1/5", "data": {"combo": ["my_special_metric"], "n_features": 10, "auc": 0.388235, "f1": 0.181818, "precision": 0.285714, "recall": 0.133333}}
{"ts": "2026-05-13T12:01:30.166680Z", "level": "INFO", "msg": "FeatureSelection combo 5/16 fold 2/5", "data": {"combo": ["my_special_metric"], "n_features": 10, "auc": 0.480469, "f1": 0.444444, "precision": 0.545455, "recall": 0.375}}
{"ts": "2026-05-13T12:01:30.250704Z", "level": "INFO", "msg": "FeatureSelection combo 5/16 fold 3/5", "data": {"combo": ["my_special_metric"], "n_features": 10, "auc": 0.34375, "f1": 0.457143, "precision": 0.421053, "recall": 0.5}}
{"ts": "2026-05-13T12:01:30.350691Z", "level": "INFO", "msg": "FeatureSelection combo 5/16 fold 4/5", "data": {"combo": ["my_special_metric"], "n_features": 10, "auc": 0.558594, "f1": 0.666667, "precision": 0.517241, "recall": 0.9375}}
{"ts": "2026-05-13T12:01:30.448358Z", "level": "INFO", "msg": "FeatureSelection combo 5/16 fold 5/5", "data": {"combo": ["my_special_metric"], "n_features": 10, "auc": 0.59375, "f1": 0.666667, "precision": 0.647059, "recall": 0.6875}}
{"ts": "2026-05-13T12:01:30.450406Z", "level": "INFO", "msg": "FeatureSelection combo 5/16 summary", "data": {"combo": ["my_special_metric"], "n_features": 10, "mean_auc": 0.47296, "std_auc": 0.095764, "mean_f1": 0.483348, "std_f1": 0.179071, "mean_precision": 0.483304, "std_precision": 0.122268, "mean_recall": 0.526667, "std_recall": 0.273158}}
{"ts": "2026-05-13T12:01:30.553245Z", "level": "INFO", "msg": "FeatureSelection combo 6/16 fold 1/5", "data": {"combo": ["custom_feature_1", "custom_feature_2"], "n_features": 11, "auc": 0.403922, "f1": 0.333333, "precision": 0.444444, "recall": 0.266667}}
{"ts": "2026-05-13T12:01:30.646921Z", "level": "INFO", "msg": "FeatureSelection combo 6/16 fold 2/5", "data": {"combo": ["custom_feature_1", "custom_feature_2"], "n_features": 11, "auc": 0.519531, "f1": 0.173913, "precision": 0.285714, "recall": 0.125}}
{"ts": "2026-05-13T12:01:30.740522Z", "level": "INFO", "msg": "FeatureSelection combo 6/16 fold 3/5", "data": {"combo": ["custom_feature_1", "custom_feature_2"], "n_features": 11, "auc": 0.300781, "f1": 0.375, "precision": 0.375, "recall": 0.375}}
{"ts": "2026-05-13T12:01:30.830202Z", "level": "INFO", "msg": "FeatureSelection combo 6/16 fold 4/5", "data": {"combo": ["custom_feature_1", "custom_feature_2"], "n_features": 11, "auc": 0.511719, "f1": 0.631579, "precision": 0.545455, "recall": 0.75}}
{"ts": "2026-05-13T12:01:30.922788Z", "level": "INFO", "msg": "FeatureSelection combo 6/16 fold 5/5", "data": {"combo": ["custom_feature_1", "custom_feature_2"], "n_features": 11, "auc": 0.636719, "f1": 0.666667, "precision": 0.6, "recall": 0.75}}
{"ts": "2026-05-13T12:01:30.923794Z", "level": "INFO", "msg": "FeatureSelection combo 6/16 summary", "data": {"combo": ["custom_feature_1", "custom_feature_2"], "n_features": 11, "mean_auc": 0.474534, "std_auc": 0.113919, "mean_f1": 0.436098, "std_f1": 0.186767, "mean_precision": 0.450123, "std_precision": 0.113364, "mean_recall": 0.453333, "std_recall": 0.254875}}
{"ts": "2026-05-13T12:01:31.019788Z", "level": "INFO", "msg": "FeatureSelection combo 7/16 fold 1/5", "data": {"combo": ["custom_feature_1", "dist_to_max"], "n_features": 11, "auc": 0.309804, "f1": 0.190476, "precision": 0.333333, "recall": 0.133333}}
{"ts": "2026-05-13T12:01:31.131317Z", "level": "INFO", "msg": "FeatureSelection combo 7/16 fold 2/5", "data": {"combo": ["custom_feature_1", "dist_to_max"], "n_features": 11, "auc": 0.378906, "f1": 0.16, "precision": 0.222222, "recall": 0.125}}
{"ts": "2026-05-13T12:01:31.244495Z", "level": "INFO", "msg": "FeatureSelection combo 7/16 fold 3/5", "data": {"combo": ["custom_feature_1", "dist_to_max"], "n_features": 11, "auc": 0.300781, "f1": 0.486486, "precision": 0.428571, "recall": 0.5625}}
{"ts": "2026-05-13T12:01:31.383738Z", "level": "INFO", "msg": "FeatureSelection combo 7/16 fold 4/5", "data": {"combo": ["custom_feature_1", "dist_to_max"], "n_features": 11, "auc": 0.546875, "f1": 0.682927, "precision": 0.56, "recall": 0.875}}
{"ts": "2026-05-13T12:01:31.550742Z", "level": "INFO", "msg": "FeatureSelection combo 7/16 fold 5/5", "data": {"combo": ["custom_feature_1", "dist_to_max"], "n_features": 11, "auc": 0.710938, "f1": 0.722222, "precision": 0.65, "recall": 0.8125}}
{"ts": "2026-05-13T12:01:31.550742Z", "level": "INFO", "msg": "FeatureSelection combo 7/16 summary", "data": {"combo": ["custom_feature_1", "dist_to_max"], "n_features": 11, "mean_auc": 0.449461, "std_auc": 0.157764, "mean_f1": 0.448422, "std_f1": 0.237121, "mean_precision": 0.438825, "std_precision": 0.153251, "mean_recall": 0.501667, "std_recall": 0.321634}}
{"ts": "2026-05-13T12:01:31.676006Z", "level": "INFO", "msg": "FeatureSelection combo 8/16 fold 1/5", "data": {"combo": ["custom_feature_1", "my_special_metric"], "n_features": 11, "auc": 0.337255, "f1": 0.105263, "precision": 0.25, "recall": 0.066667}}
{"ts": "2026-05-13T12:01:31.782751Z", "level": "INFO", "msg": "FeatureSelection combo 8/16 fold 2/5", "data": {"combo": ["custom_feature_1", "my_special_metric"], "n_features": 11, "auc": 0.503906, "f1": 0.48, "precision": 0.666667, "recall": 0.375}}
{"ts": "2026-05-13T12:01:31.898408Z", "level": "INFO", "msg": "FeatureSelection combo 8/16 fold 3/5", "data": {"combo": ["custom_feature_1", "my_special_metric"], "n_features": 11, "auc": 0.332031, "f1": 0.457143, "precision": 0.421053, "recall": 0.5}}
{"ts": "2026-05-13T12:01:32.001512Z", "level": "INFO", "msg": "FeatureSelection combo 8/16 fold 4/5", "data": {"combo": ["custom_feature_1", "my_special_metric"], "n_features": 11, "auc": 0.535156, "f1": 0.619048, "precision": 0.5, "recall": 0.8125}}
{"ts": "2026-05-13T12:01:32.086892Z", "level": "INFO", "msg": "FeatureSelection combo 8/16 fold 5/5", "data": {"combo": ["custom_feature_1", "my_special_metric"], "n_features": 11, "auc": 0.59375, "f1": 0.588235, "precision": 0.555556, "recall": 0.625}}
{"ts": "2026-05-13T12:01:32.086892Z", "level": "INFO", "msg": "FeatureSelection combo 8/16 summary", "data": {"combo": ["custom_feature_1", "my_special_metric"], "n_features": 11, "mean_auc": 0.46042, "std_auc": 0.106683, "mean_f1": 0.449938, "std_f1": 0.18302, "mean_precision": 0.478655, "std_precision": 0.139513, "mean_recall": 0.475833, "std_recall": 0.250505}}
{"ts": "2026-05-13T12:01:32.165337Z", "level": "INFO", "msg": "FeatureSelection combo 9/16 fold 1/5", "data": {"combo": ["custom_feature_2", "dist_to_max"], "n_features": 11, "auc": 0.45098, "f1": 0.347826, "precision": 0.5, "recall": 0.266667}}
{"ts": "2026-05-13T12:01:32.275123Z", "level": "INFO", "msg": "FeatureSelection combo 9/16 fold 2/5", "data": {"combo": ["custom_feature_2", "dist_to_max"], "n_features": 11, "auc": 0.386719, "f1": 0.1, "precision": 0.25, "recall": 0.0625}}
{"ts": "2026-05-13T12:01:32.380919Z", "level": "INFO", "msg": "FeatureSelection combo 9/16 fold 3/5", "data": {"combo": ["custom_feature_2", "dist_to_max"], "n_features": 11, "auc": 0.351562, "f1": 0.411765, "precision": 0.388889, "recall": 0.4375}}
{"ts": "2026-05-13T12:01:32.490239Z", "level": "INFO", "msg": "FeatureSelection combo 9/16 fold 4/5", "data": {"combo": ["custom_feature_2", "dist_to_max"], "n_features": 11, "auc": 0.53125, "f1": 0.631579, "precision": 0.545455, "recall": 0.75}}
{"ts": "2026-05-13T12:01:32.609335Z", "level": "INFO", "msg": "FeatureSelection combo 9/16 fold 5/5", "data": {"combo": ["custom_feature_2", "dist_to_max"], "n_features": 11, "auc": 0.652344, "f1": 0.529412, "precision": 0.5, "recall": 0.5625}}
{"ts": "2026-05-13T12:01:32.610360Z", "level": "INFO", "msg": "FeatureSelection combo 9/16 summary", "data": {"combo": ["custom_feature_2", "dist_to_max"], "n_features": 11, "mean_auc": 0.474571, "std_auc": 0.107909, "mean_f1": 0.404116, "std_f1": 0.180639, "mean_precision": 0.436869, "std_precision": 0.106756, "mean_recall": 0.415833, "std_recall": 0.236957}}
{"ts": "2026-05-13T12:01:32.731775Z", "level": "INFO", "msg": "FeatureSelection combo 10/16 fold 1/5", "data": {"combo": ["custom_feature_2", "my_special_metric"], "n_features": 11, "auc": 0.462745, "f1": 0.285714, "precision": 0.5, "recall": 0.2}}
{"ts": "2026-05-13T12:01:32.847685Z", "level": "INFO", "msg": "FeatureSelection combo 10/16 fold 2/5", "data": {"combo": ["custom_feature_2", "my_special_metric"], "n_features": 11, "auc": 0.542969, "f1": 0.272727, "precision": 0.5, "recall": 0.1875}}
{"ts": "2026-05-13T12:01:32.959094Z", "level": "INFO", "msg": "FeatureSelection combo 10/16 fold 3/5", "data": {"combo": ["custom_feature_2", "my_special_metric"], "n_features": 11, "auc": 0.335938, "f1": 0.526316, "precision": 0.454545, "recall": 0.625}}
{"ts": "2026-05-13T12:01:33.061959Z", "level": "INFO", "msg": "FeatureSelection combo 10/16 fold 4/5", "data": {"combo": ["custom_feature_2", "my_special_metric"], "n_features": 11, "auc": 0.507812, "f1": 0.615385, "precision": 0.521739, "recall": 0.75}}
{"ts": "2026-05-13T12:01:33.152344Z", "level": "INFO", "msg": "FeatureSelection combo 10/16 fold 5/5", "data": {"combo": ["custom_feature_2", "my_special_metric"], "n_features": 11, "auc": 0.574219, "f1": 0.571429, "precision": 0.526316, "recall": 0.625}}
{"ts": "2026-05-13T12:01:33.153346Z", "level": "INFO", "msg": "FeatureSelection combo 10/16 summary", "data": {"combo": ["custom_feature_2", "my_special_metric"], "n_features": 11, "mean_auc": 0.484737, "std_auc": 0.083133, "mean_f1": 0.454314, "std_f1": 0.14577, "mean_precision": 0.50052, "std_precision": 0.025416, "mean_recall": 0.4775, "std_recall": 0.236167}}
{"ts": "2026-05-13T12:01:33.236894Z", "level": "INFO", "msg": "FeatureSelection combo 11/16 fold 1/5", "data": {"combo": ["dist_to_max", "my_special_metric"], "n_features": 11, "auc": 0.368627, "f1": 0.111111, "precision": 0.333333, "recall": 0.066667}}
{"ts": "2026-05-13T12:01:33.316963Z", "level": "INFO", "msg": "FeatureSelection combo 11/16 fold 2/5", "data": {"combo": ["dist_to_max", "my_special_metric"], "n_features": 11, "auc": 0.367188, "f1": 0.173913, "precision": 0.285714, "recall": 0.125}}
{"ts": "2026-05-13T12:01:33.398430Z", "level": "INFO", "msg": "FeatureSelection combo 11/16 fold 3/5", "data": {"combo": ["dist_to_max", "my_special_metric"], "n_features": 11, "auc": 0.335938, "f1": 0.457143, "precision": 0.421053, "recall": 0.5}}
{"ts": "2026-05-13T12:01:33.483095Z", "level": "INFO", "msg": "FeatureSelection combo 11/16 fold 4/5", "data": {"combo": ["dist_to_max", "my_special_metric"], "n_features": 11, "auc": 0.546875, "f1": 0.682927, "precision": 0.56, "recall": 0.875}}
{"ts": "2026-05-13T12:01:33.564925Z", "level": "INFO", "msg": "FeatureSelection combo 11/16 fold 5/5", "data": {"combo": ["dist_to_max", "my_special_metric"], "n_features": 11, "auc": 0.671875, "f1": 0.727273, "precision": 0.705882, "recall": 0.75}}
{"ts": "2026-05-13T12:01:33.565925Z", "level": "INFO", "msg": "FeatureSelection combo 11/16 summary", "data": {"combo": ["dist_to_max", "my_special_metric"], "n_features": 11, "mean_auc": 0.458101, "std_auc": 0.130211, "mean_f1": 0.430473, "std_f1": 0.25312, "mean_precision": 0.461196, "std_precision": 0.153875, "mean_recall": 0.463333, "std_recall": 0.323977}}
{"ts": "2026-05-13T12:01:33.645531Z", "level": "INFO", "msg": "FeatureSelection combo 12/16 fold 1/5", "data": {"combo": ["custom_feature_1", "custom_feature_2", "dist_to_max"], "n_features": 12, "auc": 0.392157, "f1": 0.37037, "precision": 0.416667, "recall": 0.333333}}
{"ts": "2026-05-13T12:01:33.733565Z", "level": "INFO", "msg": "FeatureSelection combo 12/16 fold 2/5", "data": {"combo": ["custom_feature_1", "custom_feature_2", "dist_to_max"], "n_features": 12, "auc": 0.367188, "f1": 0.090909, "precision": 0.166667, "recall": 0.0625}}
{"ts": "2026-05-13T12:01:33.818207Z", "level": "INFO", "msg": "FeatureSelection combo 12/16 fold 3/5", "data": {"combo": ["custom_feature_1", "custom_feature_2", "dist_to_max"], "n_features": 12, "auc": 0.335938, "f1": 0.457143, "precision": 0.421053, "recall": 0.5}}
{"ts": "2026-05-13T12:01:33.904463Z", "level": "INFO", "msg": "FeatureSelection combo 12/16 fold 4/5", "data": {"combo": ["custom_feature_1", "custom_feature_2", "dist_to_max"], "n_features": 12, "auc": 0.554688, "f1": 0.666667, "precision": 0.565217, "recall": 0.8125}}
{"ts": "2026-05-13T12:01:33.980440Z", "level": "INFO", "msg": "FeatureSelection combo 12/16 fold 5/5", "data": {"combo": ["custom_feature_1", "custom_feature_2", "dist_to_max"], "n_features": 12, "auc": 0.632812, "f1": 0.588235, "precision": 0.555556, "recall": 0.625}}
{"ts": "2026-05-13T12:01:33.981444Z", "level": "INFO", "msg": "FeatureSelection combo 12/16 summary", "data": {"combo": ["custom_feature_1", "custom_feature_2", "dist_to_max"], "n_features": 12, "mean_auc": 0.456557, "std_auc": 0.116085, "mean_f1": 0.434665, "std_f1": 0.200108, "mean_precision": 0.425032, "std_precision": 0.143893, "mean_recall": 0.466667, "std_recall": 0.255699}}
{"ts": "2026-05-13T12:01:34.100471Z", "level": "INFO", "msg": "FeatureSelection combo 13/16 fold 1/5", "data": {"combo": ["custom_feature_1", "custom_feature_2", "my_special_metric"], "n_features": 12, "auc": 0.411765, "f1": 0.190476, "precision": 0.333333, "recall": 0.133333}}
{"ts": "2026-05-13T12:01:34.221306Z", "level": "INFO", "msg": "FeatureSelection combo 13/16 fold 2/5", "data": {"combo": ["custom_feature_1", "custom_feature_2", "my_special_metric"], "n_features": 12, "auc": 0.539062, "f1": 0.190476, "precision": 0.4, "recall": 0.125}}
{"ts": "2026-05-13T12:01:34.332739Z", "level": "INFO", "msg": "FeatureSelection combo 13/16 fold 3/5", "data": {"combo": ["custom_feature_1", "custom_feature_2", "my_special_metric"], "n_features": 12, "auc": 0.339844, "f1": 0.5, "precision": 0.45, "recall": 0.5625}}
{"ts": "2026-05-13T12:01:34.417296Z", "level": "INFO", "msg": "FeatureSelection combo 13/16 fold 4/5", "data": {"combo": ["custom_feature_1", "custom_feature_2", "my_special_metric"], "n_features": 12, "auc": 0.515625, "f1": 0.578947, "precision": 0.5, "recall": 0.6875}}
{"ts": "2026-05-13T12:01:34.505880Z", "level": "INFO", "msg": "FeatureSelection combo 13/16 fold 5/5", "data": {"combo": ["custom_feature_1", "custom_feature_2", "my_special_metric"], "n_features": 12, "auc": 0.550781, "f1": 0.555556, "precision": 0.5, "recall": 0.625}}
{"ts": "2026-05-13T12:01:34.505880Z", "level": "INFO", "msg": "FeatureSelection combo 13/16 summary", "data": {"combo": ["custom_feature_1", "custom_feature_2", "my_special_metric"], "n_features": 12, "mean_auc": 0.471415, "std_auc": 0.082096, "mean_f1": 0.403091, "std_f1": 0.175484, "mean_precision": 0.436667, "std_precision": 0.063596, "mean_recall": 0.426667, "std_recall": 0.246117}}
{"ts": "2026-05-13T12:01:34.585371Z", "level": "INFO", "msg": "FeatureSelection combo 14/16 fold 1/5", "data": {"combo": ["custom_feature_1", "dist_to_max", "my_special_metric"], "n_features": 12, "auc": 0.32549, "f1": 0.1, "precision": 0.2, "recall": 0.066667}}
{"ts": "2026-05-13T12:01:34.676543Z", "level": "INFO", "msg": "FeatureSelection combo 14/16 fold 2/5", "data": {"combo": ["custom_feature_1", "dist_to_max", "my_special_metric"], "n_features": 12, "auc": 0.425781, "f1": 0.26087, "precision": 0.428571, "recall": 0.1875}}
{"ts": "2026-05-13T12:01:34.753090Z", "level": "INFO", "msg": "FeatureSelection combo 14/16 fold 3/5", "data": {"combo": ["custom_feature_1", "dist_to_max", "my_special_metric"], "n_features": 12, "auc": 0.265625, "f1": 0.444444, "precision": 0.4, "recall": 0.5}}
{"ts": "2026-05-13T12:01:34.835543Z", "level": "INFO", "msg": "FeatureSelection combo 14/16 fold 4/5", "data": {"combo": ["custom_feature_1", "dist_to_max", "my_special_metric"], "n_features": 12, "auc": 0.589844, "f1": 0.697674, "precision": 0.555556, "recall": 0.9375}}
{"ts": "2026-05-13T12:01:34.922140Z", "level": "INFO", "msg": "FeatureSelection combo 14/16 fold 5/5", "data": {"combo": ["custom_feature_1", "dist_to_max", "my_special_metric"], "n_features": 12, "auc": 0.664062, "f1": 0.647059, "precision": 0.611111, "recall": 0.6875}}
{"ts": "2026-05-13T12:01:34.922644Z", "level": "INFO", "msg": "FeatureSelection combo 14/16 summary", "data": {"combo": ["custom_feature_1", "dist_to_max", "my_special_metric"], "n_features": 12, "mean_auc": 0.45416, "std_auc": 0.151905, "mean_f1": 0.430009, "std_f1": 0.226485, "mean_precision": 0.439048, "std_precision": 0.142799, "mean_recall": 0.475833, "std_recall": 0.319085}}
{"ts": "2026-05-13T12:01:35.000187Z", "level": "INFO", "msg": "FeatureSelection combo 15/16 fold 1/5", "data": {"combo": ["custom_feature_2", "dist_to_max", "my_special_metric"], "n_features": 12, "auc": 0.435294, "f1": 0.333333, "precision": 0.444444, "recall": 0.266667}}
{"ts": "2026-05-13T12:01:35.073737Z", "level": "INFO", "msg": "FeatureSelection combo 15/16 fold 2/5", "data": {"combo": ["custom_feature_2", "dist_to_max", "my_special_metric"], "n_features": 12, "auc": 0.394531, "f1": 0.190476, "precision": 0.4, "recall": 0.125}}
{"ts": "2026-05-13T12:01:35.153907Z", "level": "INFO", "msg": "FeatureSelection combo 15/16 fold 3/5", "data": {"combo": ["custom_feature_2", "dist_to_max", "my_special_metric"], "n_features": 12, "auc": 0.355469, "f1": 0.5, "precision": 0.45, "recall": 0.5625}}
{"ts": "2026-05-13T12:01:35.242009Z", "level": "INFO", "msg": "FeatureSelection combo 15/16 fold 4/5", "data": {"combo": ["custom_feature_2", "dist_to_max", "my_special_metric"], "n_features": 12, "auc": 0.558594, "f1": 0.7, "precision": 0.583333, "recall": 0.875}}
{"ts": "2026-05-13T12:01:35.322757Z", "level": "INFO", "msg": "FeatureSelection combo 15/16 fold 5/5", "data": {"combo": ["custom_feature_2", "dist_to_max", "my_special_metric"], "n_features": 12, "auc": 0.605469, "f1": 0.571429, "precision": 0.526316, "recall": 0.625}}
{"ts": "2026-05-13T12:01:35.323761Z", "level": "INFO", "msg": "FeatureSelection combo 15/16 summary", "data": {"combo": ["custom_feature_2", "dist_to_max", "my_special_metric"], "n_features": 12, "mean_auc": 0.469871, "std_auc": 0.096144, "mean_f1": 0.459048, "std_f1": 0.179053, "mean_precision": 0.480819, "std_precision": 0.065397, "mean_recall": 0.490833, "std_recall": 0.266385}}
{"ts": "2026-05-13T12:01:35.407118Z", "level": "INFO", "msg": "FeatureSelection combo 16/16 fold 1/5", "data": {"combo": ["custom_feature_1", "custom_feature_2", "dist_to_max", "my_special_metric"], "n_features": 13, "auc": 0.356863, "f1": 0.1, "precision": 0.2, "recall": 0.066667}}
{"ts": "2026-05-13T12:01:35.502162Z", "level": "INFO", "msg": "FeatureSelection combo 16/16 fold 2/5", "data": {"combo": ["custom_feature_1", "custom_feature_2", "dist_to_max", "my_special_metric"], "n_features": 13, "auc": 0.402344, "f1": 0.173913, "precision": 0.285714, "recall": 0.125}}
{"ts": "2026-05-13T12:01:35.586836Z", "level": "INFO", "msg": "FeatureSelection combo 16/16 fold 3/5", "data": {"combo": ["custom_feature_1", "custom_feature_2", "dist_to_max", "my_special_metric"], "n_features": 13, "auc": 0.386719, "f1": 0.470588, "precision": 0.444444, "recall": 0.5}}
{"ts": "2026-05-13T12:01:35.669832Z", "level": "INFO", "msg": "FeatureSelection combo 16/16 fold 4/5", "data": {"combo": ["custom_feature_1", "custom_feature_2", "dist_to_max", "my_special_metric"], "n_features": 13, "auc": 0.558594, "f1": 0.717949, "precision": 0.608696, "recall": 0.875}}
{"ts": "2026-05-13T12:01:35.767423Z", "level": "INFO", "msg": "FeatureSelection combo 16/16 fold 5/5", "data": {"combo": ["custom_feature_1", "custom_feature_2", "dist_to_max", "my_special_metric"], "n_features": 13, "auc": 0.613281, "f1": 0.571429, "precision": 0.526316, "recall": 0.625}}
{"ts": "2026-05-13T12:01:35.768424Z", "level": "INFO", "msg": "FeatureSelection combo 16/16 summary", "data": {"combo": ["custom_feature_1", "custom_feature_2", "dist_to_max", "my_special_metric"], "n_features": 13, "mean_auc": 0.46356, "std_auc": 0.102454, "mean_f1": 0.406776, "std_f1": 0.235095, "mean_precision": 0.413034, "std_precision": 0.150796, "mean_recall": 0.438333, "std_recall": 0.305168}}
{"ts": "2026-05-13T12:01:35.768424Z", "level": "INFO", "msg": "Feature selection complete", "data": {"best_combo": ["custom_feature_2"], "best_n_features": 10, "best_mean_auc": 0.493336, "total_combos_evaluated": 16, "ranking": [{"rank": 1, "combo": ["custom_feature_2"], "n_features": 10, "mean_auc": 0.493336, "std_auc": 0.109084}, {"rank": 2, "combo": ["custom_feature_2", "my_special_metric"], "n_features": 11, "mean_auc": 0.484737, "std_auc": 0.083133}, {"rank": 3, "combo": ["custom_feature_2", "dist_to_max"], "n_features": 11, "mean_auc": 0.474571, "std_auc": 0.107909}, {"rank": 4, "combo": ["custom_feature_1", "custom_feature_2"], "n_features": 11, "mean_auc": 0.474534, "std_auc": 0.113919}, {"rank": 5, "combo": ["my_special_metric"], "n_features": 10, "mean_auc": 0.47296, "std_auc": 0.095764}, {"rank": 6, "combo": ["dist_to_max"], "n_features": 10, "mean_auc": 0.472953, "std_auc": 0.14599}, {"rank": 7, "combo": ["custom_feature_1", "custom_feature_2", "my_special_metric"], "n_features": 12, "mean_auc": 0.471415, "std_auc": 0.082096}, {"rank": 8, "combo": ["custom_feature_2", "dist_to_max", "my_special_metric"], "n_features": 12, "mean_auc": 0.469871, "std_auc": 0.096144}, {"rank": 9, "combo": ["custom_feature_1", "custom_feature_2", "dist_to_max", "my_special_metric"], "n_features": 13, "mean_auc": 0.46356, "std_auc": 0.102454}, {"rank": 10, "combo": ["custom_feature_1", "my_special_metric"], "n_features": 11, "mean_auc": 0.46042, "std_auc": 0.106683}, {"rank": 11, "combo": ["dist_to_max", "my_special_metric"], "n_features": 11, "mean_auc": 0.458101, "std_auc": 0.130211}, {"rank": 12, "combo": ["custom_feature_1", "custom_feature_2", "dist_to_max"], "n_features": 12, "mean_auc": 0.456557, "std_auc": 0.116085}, {"rank": 13, "combo": ["custom_feature_1", "dist_to_max", "my_special_metric"], "n_features": 12, "mean_auc": 0.45416, "std_auc": 0.151905}, {"rank": 14, "combo": ["mandatory_only"], "n_features": 9, "mean_auc": 0.453428, "std_auc": 0.140505}, {"rank": 15, "combo": ["custom_feature_1", "dist_to_max"], "n_features": 11, "mean_auc": 0.449461, "std_auc": 0.157764}, {"rank": 16, "combo": ["custom_feature_1"], "n_features": 10, "mean_auc": 0.438526, "std_auc": 0.14828}]}}
{"ts": "2026-05-13T12:01:35.771497Z", "level": "INFO", "msg": "Using best feature set from selection", "data": {"n_features": 10}}
{"ts": "2026-05-13T12:01:35.943595Z", "level": "INFO", "msg": "Final CV fold 1/5", "data": {"auc": 0.478431, "f1": 0.363636, "precision": 0.571429, "recall": 0.266667}}
{"ts": "2026-05-13T12:01:36.065961Z", "level": "INFO", "msg": "Final CV fold 2/5", "data": {"auc": 0.496094, "f1": 0.272727, "precision": 0.5, "recall": 0.1875}}
{"ts": "2026-05-13T12:01:36.185858Z", "level": "INFO", "msg": "Final CV fold 3/5", "data": {"auc": 0.328125, "f1": 0.5, "precision": 0.45, "recall": 0.5625}}
{"ts": "2026-05-13T12:01:36.335512Z", "level": "INFO", "msg": "Final CV fold 4/5", "data": {"auc": 0.53125, "f1": 0.731707, "precision": 0.6, "recall": 0.9375}}
{"ts": "2026-05-13T12:01:36.476061Z", "level": "INFO", "msg": "Final CV fold 5/5", "data": {"auc": 0.636719, "f1": 0.606061, "precision": 0.588235, "recall": 0.625}}
{"ts": "2026-05-13T12:01:36.579041Z", "level": "INFO", "msg": "Model training complete", "data": {}}
{"ts": "2026-05-13T12:01:36.589662Z", "level": "INFO", "msg": "Evaluation complete", "data": {"metrics": {"accuracy": 0.575, "f1": 0.6530612244897959, "precision": 0.6153846153846154, "recall": 0.6956521739130435, "confusion_matrix": {"TP": 16, "TN": 7, "FP": 10, "FN": 7}, "auc_roc": 0.5217391304347826, "cv_auc_mean": 0.49412377450980394, "cv_auc_std": 0.09951623895192788, "class_distribution": {"test_pos": 23, "test_neg": 17}}}}
{"ts": "2026-05-13T12:01:36.600577Z", "level": "INFO", "msg": "Artifact saved", "data": {"path": "artifacts\\08c9d409-b546-4ae1-bf5a-320b70640cdb.pkl"}}
{"ts": "2026-05-13T12:01:36.601586Z", "level": "INFO", "msg": "Training complete", "data": {"duration_seconds": 8.76}}
