{"ts": "2026-05-13T07:31:32.505938Z", "level": "INFO", "msg": "Training started", "data": {"use_case": "rul"}}
{"ts": "2026-05-13T07:31:32.593909Z", "level": "INFO", "msg": "Dataset loaded", "data": {"train_rows": 160, "test_rows": 40, "cols": 10}}
{"ts": "2026-05-13T07:31:32.593909Z", "level": "INFO", "msg": "Feature selection started", "data": {"mandatory_features": 8, "optional_groups": 1, "suffixes": ["pct_range"], "cv_folds": 5, "metric": "rmse"}}
{"ts": "2026-05-13T07:31:32.593909Z", "level": "INFO", "msg": "Exhaustive search: 2 combinations", "data": {}}
{"ts": "2026-05-13T07:31:33.132927Z", "level": "INFO", "msg": "FeatureSelection combo 1/2 fold 1/5", "data": {"combo": ["mandatory_only"], "n_features": 8, "rmse": 0.52125, "mae": 0.471875, "r2": -0.204426, "mape": 0.590241}}
{"ts": "2026-05-13T07:31:33.576334Z", "level": "INFO", "msg": "FeatureSelection combo 1/2 fold 2/5", "data": {"combo": ["mandatory_only"], "n_features": 8, "rmse": 0.552096, "mae": 0.512915, "r2": -0.238594, "mape": 0.502113}}
{"ts": "2026-05-13T07:31:33.991418Z", "level": "INFO", "msg": "FeatureSelection combo 1/2 fold 3/5", "data": {"combo": ["mandatory_only"], "n_features": 8, "rmse": 0.555476, "mae": 0.483604, "r2": -0.234213, "mape": 0.267757}}
{"ts": "2026-05-13T07:31:34.400138Z", "level": "INFO", "msg": "FeatureSelection combo 1/2 fold 4/5", "data": {"combo": ["mandatory_only"], "n_features": 8, "rmse": 0.556389, "mae": 0.500353, "r2": -0.651034, "mape": 0.524443}}
{"ts": "2026-05-13T07:31:34.787340Z", "level": "INFO", "msg": "FeatureSelection combo 1/2 fold 5/5", "data": {"combo": ["mandatory_only"], "n_features": 8, "rmse": 0.506225, "mae": 0.472286, "r2": -0.041327, "mape": 0.367118}}
{"ts": "2026-05-13T07:31:34.788876Z", "level": "INFO", "msg": "FeatureSelection combo 1/2 summary", "data": {"combo": ["mandatory_only"], "n_features": 8, "mean_rmse": 0.538287, "std_rmse": 0.02065, "mean_mae": 0.488207, "std_mae": 0.016121, "mean_r2": -0.273919, "std_r2": 0.201974, "mean_mape": 0.450334, "std_mape": 0.116625}}
{"ts": "2026-05-13T07:31:35.243016Z", "level": "INFO", "msg": "FeatureSelection combo 2/2 fold 1/5", "data": {"combo": ["pct_range"], "n_features": 10, "rmse": 0.523754, "mae": 0.476666, "r2": -0.216025, "mape": 0.605989}}
{"ts": "2026-05-13T07:31:35.700633Z", "level": "INFO", "msg": "FeatureSelection combo 2/2 fold 2/5", "data": {"combo": ["pct_range"], "n_features": 10, "rmse": 0.51412, "mae": 0.464938, "r2": -0.074058, "mape": 0.484621}}
{"ts": "2026-05-13T07:31:36.135655Z", "level": "INFO", "msg": "FeatureSelection combo 2/2 fold 3/5", "data": {"combo": ["pct_range"], "n_features": 10, "rmse": 0.509934, "mae": 0.444492, "r2": -0.040131, "mape": 0.297076}}
{"ts": "2026-05-13T07:31:36.552469Z", "level": "INFO", "msg": "FeatureSelection combo 2/2 fold 4/5", "data": {"combo": ["pct_range"], "n_features": 10, "rmse": 0.542471, "mae": 0.480974, "r2": -0.569463, "mape": 0.51834}}
{"ts": "2026-05-13T07:31:36.966684Z", "level": "INFO", "msg": "FeatureSelection combo 2/2 fold 5/5", "data": {"combo": ["pct_range"], "n_features": 10, "rmse": 0.553582, "mae": 0.488046, "r2": -0.245268, "mape": 0.391565}}
{"ts": "2026-05-13T07:31:36.968250Z", "level": "INFO", "msg": "FeatureSelection combo 2/2 summary", "data": {"combo": ["pct_range"], "n_features": 10, "mean_rmse": 0.528772, "std_rmse": 0.016721, "mean_mae": 0.471023, "std_mae": 0.015242, "mean_r2": -0.228989, "std_r2": 0.187631, "mean_mape": 0.459518, "std_mape": 0.106348}}
{"ts": "2026-05-13T07:31:36.969302Z", "level": "INFO", "msg": "Feature selection complete", "data": {"best_combo": ["pct_range"], "best_n_features": 10, "best_mean_rmse": 0.528772, "total_combos_evaluated": 2, "ranking": [{"rank": 1, "combo": ["pct_range"], "n_features": 10, "mean_rmse": 0.528772, "std_rmse": 0.016721}, {"rank": 2, "combo": ["mandatory_only"], "n_features": 8, "mean_rmse": 0.538287, "std_rmse": 0.02065}]}}
{"ts": "2026-05-13T07:31:36.974697Z", "level": "INFO", "msg": "Using best feature set from selection", "data": {"n_features": 10}}
{"ts": "2026-05-13T07:31:37.475710Z", "level": "INFO", "msg": "Final CV fold 1/5", "data": {"rmse": 0.523754, "mae": 0.476666, "r2": -0.216025, "mape": 0.605989}}
{"ts": "2026-05-13T07:31:37.978796Z", "level": "INFO", "msg": "Final CV fold 2/5", "data": {"rmse": 0.51412, "mae": 0.464938, "r2": -0.074058, "mape": 0.484621}}
{"ts": "2026-05-13T07:31:38.505960Z", "level": "INFO", "msg": "Final CV fold 3/5", "data": {"rmse": 0.509934, "mae": 0.444492, "r2": -0.040131, "mape": 0.297076}}
{"ts": "2026-05-13T07:31:39.117313Z", "level": "INFO", "msg": "Final CV fold 4/5", "data": {"rmse": 0.542471, "mae": 0.480974, "r2": -0.569463, "mape": 0.51834}}
{"ts": "2026-05-13T07:31:39.677585Z", "level": "INFO", "msg": "Final CV fold 5/5", "data": {"rmse": 0.553582, "mae": 0.488046, "r2": -0.245268, "mape": 0.391565}}
{"ts": "2026-05-13T07:31:40.099057Z", "level": "INFO", "msg": "Model training complete", "data": {}}
{"ts": "2026-05-13T07:31:40.108399Z", "level": "INFO", "msg": "Evaluation complete", "data": {"metrics": {"rmse": 0.5467950217483624, "mae": 0.5045492649078369, "r2": -0.22346723079681396, "mape": 0.482526034116745, "cv_rmse_mean": 0.5287720159796524, "cv_rmse_std": 0.0167207079093875}}}
{"ts": "2026-05-13T07:31:40.131515Z", "level": "INFO", "msg": "Artifact saved", "data": {"path": "artifacts\\bcea6c0d-8aba-4817-a41d-fa4e223845ff.pkl"}}
{"ts": "2026-05-13T07:31:40.133159Z", "level": "INFO", "msg": "Training complete", "data": {"duration_seconds": 7.63}}
